2025-10-18 01:34:04,433 [DEBUG] root: Logging configured (console level=INFO, file=C:\Users\Fahri\OneDrive\Masaüstü\oyun\fortress_director\logs\turn_20251017_223404.log)
2025-10-18 01:34:04,433 [INFO] __main__: Detailed logs written to C:\Users\Fahri\OneDrive\Masaüstü\oyun\fortress_director\logs\turn_20251017_223404.log
2025-10-18 01:34:04,434 [INFO] fortress_director.codeaware.function_registry: Registering safe function: change_weather
2025-10-18 01:34:04,434 [INFO] fortress_director.codeaware.function_registry: Safe function 'change_weather' registered successfully.
2025-10-18 01:34:04,434 [INFO] fortress_director.codeaware.function_registry: Registering safe function: spawn_item
2025-10-18 01:34:04,434 [INFO] fortress_director.codeaware.function_registry: Safe function 'spawn_item' registered successfully.
2025-10-18 01:34:04,436 [INFO] fortress_director.codeaware.function_registry: Registering safe function: move_npc
2025-10-18 01:34:04,436 [INFO] fortress_director.codeaware.function_registry: Safe function 'move_npc' registered successfully.
2025-10-18 01:34:04,436 [INFO] fortress_director.orchestrator.orchestrator: run_turn called (player_choice_id=None)
2025-10-18 01:34:04,436 [DEBUG] fortress_director.orchestrator.orchestrator: Resetting function validator and creating checkpoint: {'phase': 'turn_start'}
2025-10-18 01:34:04,436 [DEBUG] fortress_director.orchestrator.orchestrator: State snapshot loaded from C:\Users\Fahri\OneDrive\Masaüstü\oyun\fortress_director\data\world_state.json (turn=15)
2025-10-18 01:34:04,436 [INFO] fortress_director.codeaware.rollback_system: Checkpoint created (turn=15, call=None)
2025-10-18 01:34:04,436 [INFO] fortress_director.orchestrator.orchestrator: Turn execution started.
2025-10-18 01:34:04,436 [DEBUG] fortress_director.orchestrator.orchestrator: State snapshot loaded from C:\Users\Fahri\OneDrive\Masaüstü\oyun\fortress_director\data\world_state.json (turn=15)
2025-10-18 01:34:04,436 [DEBUG] fortress_director.orchestrator.orchestrator: Pre-turn state snapshot: {"character_summary": "Rhea is loyal but impulsive; Boris is cautious and calculating.", "current_room": "lornhaven_wall", "day": 1, "flags": ["Rhea_investigation", "mystery_figure", "major_mystery_investigation", "atmosphere"], "items": {"Rhea": ["oil lamp"], "string": ["string"]}, "metrics": {"major_event_last_turn": 14, "major_events_triggered": 2, "major_flag_set": true, "risk_applied_total": 1}, "npc_trust": {"Rhea": 3, "Shieldbearer": 0}, "player": {"inventory": ["oil lamp", "patched shield"], "name": "The Shieldbearer", "stats": {"empathy": 2, "resolve": 3}, "summary": "A weary defen...
2025-10-18 01:34:04,436 [INFO] fortress_director.orchestrator.orchestrator: World context built.
2025-10-18 01:34:04,436 [DEBUG] fortress_director.orchestrator.orchestrator: World context payload: Turn 15 | Day 1 | Time dawn
Location: lornhaven_wall
Player: The Shieldbearer — A weary defender holding the western wall.
Inventory: oil lamp, patched shield
World constraint: {"atmosphere": "Dawn'threshold, where resolve meets weariness.", "sensory_details": "The cool morning air carries a hint of damp earth and the distant sound of roosters crowing; patched leather shield feels sturdy under The Shieldbearer’thy calloused hands."}
Recent events: As dawn breaks, Rhea approaches The Shieldbearer with a sense of urgency, her eyes darting nervously around the wall. Her voice barely above a whisper, she shares a chilling tale of a mysterious figure lurking near Lornhaven's walls. The cool morning air carries a hint of damp earth and the distant sound of roosters crowing.; As dawn's light fades, a chill creeps over Lornhaven's wall, casting long shadows that dance upon the worn stones. The patched leather shield feels heavier under The Shieldbearer's calloused hands, and the distant roosters' crows seem more urgent.; The Shieldbearer peers into the distance, squinting against the morning light. The chill in the air seems to intensify as they listen to Rhea's tale of a mysterious figure lurking near Lornhaven's walls.
Recent motifs: explore, explore, risk
Recent major events: yes, yes, yes
Relationship summary: Rhea trusts the player; Boris weighs every trade.
Character summary: Rhea is loyal but impulsive; Boris is cautious and calculating.
Metrics: {"risk_applied_total": 1, "major_flag_set": true, "major_events_triggered": 2, "major_event_last_turn": 14}
2025-10-18 01:34:04,436 [INFO] fortress_director.orchestrator.orchestrator: Starting turn 15 in room lornhaven_wall
2025-10-18 01:34:04,436 [DEBUG] fortress_director.orchestrator.orchestrator: World agent input: {"WORLD_CONTEXT": "Turn 15 | Day 1 | Time dawn\nLocation: lornhaven_wall\nPlayer: The Shieldbearer — A weary defender holding the western wall.\nInventory: oil lamp, patched shield\nWorld constraint: {\"atmosphere\": \"Dawn'threshold, where resolve meets weariness.\", \"sensory_details\": \"The cool morning air carries a hint of damp earth and the distant sound of roosters crowing; patched leather shield feels sturdy under The Shieldbearer’thy calloused hands.\"}\nRecent events: As dawn breaks, Rhea approaches The Shieldbearer with a sense of urgency, her eyes darting nervously around the w...
2025-10-18 01:34:04,436 [INFO] fortress_director.orchestrator.orchestrator: Calling world_agent.describe...
2025-10-18 01:34:04,437 [INFO] fortress_director.agents.world_agent: WorldAgent.describe called with variables: {'WORLD_CONTEXT': 'Turn 15 | Day 1 | Time dawn\nLocation: lornhaven_wall\nPlayer: The Shieldbearer — A weary defender holding the western wall.\nInventory: oil lamp, patched shield\nWorld constraint: {"atmosphere": "Dawn\'threshold, where resolve meets weariness.", "sensory_details": "The cool morning air carries a hint of damp earth and the distant sound of roosters crowing; patched leather shield feels sturdy under The Shieldbearer’thy calloused hands."}\nRecent events: As dawn breaks, Rhea approaches The Shieldbearer with a sense of urgency, her eyes darting nervously around the wall. Her voice barely above a whisper, she shares a chilling tale of a mysterious figure lurking near Lornhaven\'s walls. The cool morning air carries a hint of damp earth and the distant sound of roosters crowing.; As dawn\'s light fades, a chill creeps over Lornhaven\'s wall, casting long shadows that dance upon the worn stones. The patched leather shield feels heavier under The Shieldbearer\'s calloused hands, and the distant roosters\' crows seem more urgent.; The Shieldbearer peers into the distance, squinting against the morning light. The chill in the air seems to intensify as they listen to Rhea\'s tale of a mysterious figure lurking near Lornhaven\'s walls.\nRecent motifs: explore, explore, risk\nRecent major events: yes, yes, yes\nRelationship summary: Rhea trusts the player; Boris weighs every trade.\nCharacter summary: Rhea is loyal but impulsive; Boris is cautious and calculating.\nMetrics: {"risk_applied_total": 1, "major_flag_set": true, "major_events_triggered": 2, "major_event_last_turn": 14}', 'room': 'lornhaven_wall'}
2025-10-18 01:34:08,999 [DEBUG] fortress_director.agents.world_agent: Model returned: {'atmosphere': "Dawn'threshold, where resolve meets weariness.", 'sensory_details': 'The cool morning air carries a hint of damp earth and the distant sound of roosters crowing; patched leather shield feels sturdy under The Shieldbearer’thy calloused hands.'}
2025-10-18 01:34:08,999 [INFO] fortress_director.agents.world_agent: World description: {'atmosphere': "Dawn'threshold, where resolve meets weariness.", 'sensory_details': 'The cool morning air carries a hint of damp earth and the distant sound of roosters crowing; patched leather shield feels sturdy under The Shieldbearer’thy calloused hands.'}
2025-10-18 01:34:08,999 [INFO] fortress_director.orchestrator.orchestrator: World agent returned output.
2025-10-18 01:34:08,999 [DEBUG] fortress_director.orchestrator.orchestrator: World agent output: {"atmosphere": "Dawn'threshold, where resolve meets weariness.", "sensory_details": "The cool morning air carries a hint of damp earth and the distant sound of roosters crowing; patched leather shield feels sturdy under The Shieldbearer’thy calloused hands."}
2025-10-18 01:34:08,999 [DEBUG] fortress_director.orchestrator.orchestrator: Event agent input: {"WORLD_CONTEXT": "Turn 15 | Day 1 | Time dawn\nLocation: lornhaven_wall\nPlayer: The Shieldbearer — A weary defender holding the western wall.\nInventory: oil lamp, patched shield\nWorld constraint: {\"atmosphere\": \"Dawn'threshold, where resolve meets weariness.\", \"sensory_details\": \"The cool morning air carries a hint of damp earth and the distant sound of roosters crowing; patched leather shield feels sturdy under The Shieldbearer’thy calloused hands.\"}\nRecent events: As dawn breaks, Rhea approaches The Shieldbearer with a sense of urgency, her eyes darting nervously around the w...
2025-10-18 01:34:08,999 [INFO] fortress_director.orchestrator.orchestrator: Calling event_agent.generate...
2025-10-18 01:34:08,999 [INFO] fortress_director.agents.event_agent: EventAgent.generate called with variables: {'WORLD_CONTEXT': 'Turn 15 | Day 1 | Time dawn\nLocation: lornhaven_wall\nPlayer: The Shieldbearer — A weary defender holding the western wall.\nInventory: oil lamp, patched shield\nWorld constraint: {"atmosphere": "Dawn\'threshold, where resolve meets weariness.", "sensory_details": "The cool morning air carries a hint of damp earth and the distant sound of roosters crowing; patched leather shield feels sturdy under The Shieldbearer’thy calloused hands."}\nRecent events: As dawn breaks, Rhea approaches The Shieldbearer with a sense of urgency, her eyes darting nervously around the wall. Her voice barely above a whisper, she shares a chilling tale of a mysterious figure lurking near Lornhaven\'s walls. The cool morning air carries a hint of damp earth and the distant sound of roosters crowing.; As dawn\'s light fades, a chill creeps over Lornhaven\'s wall, casting long shadows that dance upon the worn stones. The patched leather shield feels heavier under The Shieldbearer\'s calloused hands, and the distant roosters\' crows seem more urgent.; The Shieldbearer peers into the distance, squinting against the morning light. The chill in the air seems to intensify as they listen to Rhea\'s tale of a mysterious figure lurking near Lornhaven\'s walls.\nRecent motifs: explore, explore, risk\nRecent major events: yes, yes, yes\nRelationship summary: Rhea trusts the player; Boris weighs every trade.\nCharacter summary: Rhea is loyal but impulsive; Boris is cautious and calculating.\nMetrics: {"risk_applied_total": 1, "major_flag_set": true, "major_events_triggered": 2, "major_event_last_turn": 14}', 'day': 1, 'time': 'dawn', 'room': 'lornhaven_wall', 'recent_events': "As dawn breaks, Rhea approaches The Shieldbearer with a sense of urgency, her eyes darting nervously around the wall. Her voice barely above a whisper, she shares a chilling tale of a mysterious figure lurking near Lornhaven's walls. The cool morning air carries a hint of damp earth and the distant sound of roosters crowing.; As dawn's light fades, a chill creeps over Lornhaven's wall, casting long shadows that dance upon the worn stones. The patched leather shield feels heavier under The Shieldbearer's calloused hands, and the distant roosters' crows seem more urgent.; The Shieldbearer peers into the distance, squinting against the morning light. The chill in the air seems to intensify as they listen to Rhea's tale of a mysterious figure lurking near Lornhaven's walls.", 'world_constraint_from_prev_turn': '{"atmosphere": "Dawn\'threshold, where resolve meets weariness.", "sensory_details": "The cool morning air carries a hint of damp earth and the distant sound of roosters crowing; patched leather shield feels sturdy under The Shieldbearer\\u2019thy calloused hands."}', 'recent_motifs': 'talk, talk, explore, explore, risk', 'lore_continuity_weight': 2}
2025-10-18 01:34:38,997 [DEBUG] fortress_director.agents.event_agent: Model returned: {'scene': "The Shieldbearer, standing tall and vigilant on the western wall, feels a sudden chill as dawn breaks. The cool morning air carries a hint of damp earth and the distant sound of roosters crowing. Rhea, a loyal member of Lornhaven's defense force, approaches with a sense of urgency. Her eyes dart nervously around the wall, and her voice barely above a whisper, she shares a chilling tale of a mysterious figure lurking near Lornhaven's walls.", 'options': [{'id': 'investigate', 'text': 'Investigate the mysterious figure reported by Rhea.', 'action_type': 'explore'}, {'id': 'wait_and_watch', 'text': 'Stay on guard and wait for any signs of danger.', 'action_type': 'talk'}, {'id': 'alert_others', 'text': 'Alert the other defenders about the mysterious figure.', 'action_type': 'risk'}], 'major_event': True, 'safe_functions': ["spawn_item('torch', 'lornhaven_wall')"]}
2025-10-18 01:34:38,997 [INFO] fortress_director.agents.event_agent: Normalized event output: {'scene': "The Shieldbearer, standing tall and vigilant on the western wall, feels a sudden chill as dawn breaks. The cool morning air carries a hint of damp earth and the distant sound of roosters crowing. Rhea, a loyal member of Lornhaven's defense force, approaches with a sense of urgency. Her eyes dart nervously around the wall, and her voice barely above a whisper, she shares a chilling tale of a mysterious figure lurking near Lornhaven's walls.", 'options': [{'id': 'investigate', 'text': 'Investigate the mysterious figure reported by Rhea.', 'action_type': 'explore'}, {'id': 'wait_and_watch', 'text': 'Stay on guard and wait for any signs of danger.', 'action_type': 'talk'}, {'id': 'alert_others', 'text': 'Alert the other defenders about the mysterious figure.', 'action_type': 'risk'}], 'major_event': True, 'safe_functions': ["spawn_item('torch', 'lornhaven_wall')"]}
2025-10-18 01:34:38,997 [INFO] fortress_director.orchestrator.orchestrator: Event agent returned output.
2025-10-18 01:34:38,997 [DEBUG] fortress_director.orchestrator.orchestrator: Event agent output: {"major_event": true, "options": [{"action_type": "explore", "id": "investigate", "text": "Investigate the mysterious figure reported by Rhea."}, {"action_type": "talk", "id": "wait_and_watch", "text": "Stay on guard and wait for any signs of danger."}, {"action_type": "risk", "id": "alert_others", "text": "Alert the other defenders about the mysterious figure."}], "safe_functions": ["spawn_item('torch', 'lornhaven_wall')"], "scene": "The Shieldbearer, standing tall and vigilant on the western wall, feels a sudden chill as dawn breaks. The cool morning air carries a hint of damp earth and t...
2025-10-18 01:34:38,997 [INFO] fortress_director.orchestrator.orchestrator: Resolving player choice...
2025-10-18 01:34:38,997 [INFO] fortress_director.orchestrator.orchestrator: Player choice resolved: {'id': 'investigate', 'text': 'Investigate the mysterious figure reported by Rhea.', 'action_type': 'explore'}
2025-10-18 01:34:38,997 [DEBUG] fortress_director.orchestrator.orchestrator: Player choice resolved: {"action_type": "explore", "id": "investigate", "text": "Investigate the mysterious figure reported by Rhea."}
2025-10-18 01:34:38,997 [DEBUG] fortress_director.orchestrator.orchestrator: Character agent input: {"WORLD_CONTEXT": "Turn 15 | Day 1 | Time dawn\nLocation: lornhaven_wall\nPlayer: The Shieldbearer — A weary defender holding the western wall.\nInventory: oil lamp, patched shield\nWorld constraint: {\"atmosphere\": \"Dawn'threshold, where resolve meets weariness.\", \"sensory_details\": \"The cool morning air carries a hint of damp earth and the distant sound of roosters crowing; patched leather shield feels sturdy under The Shieldbearer’thy calloused hands.\"}\nRecent events: As dawn breaks, Rhea approaches The Shieldbearer with a sense of urgency, her eyes darting nervously around the w...
2025-10-18 01:34:38,997 [INFO] fortress_director.orchestrator.orchestrator: Calling character_agent.react...
2025-10-18 01:34:38,999 [INFO] fortress_director.agents.character_agent: CharacterAgent.react called with variables: {'WORLD_CONTEXT': 'Turn 15 | Day 1 | Time dawn\nLocation: lornhaven_wall\nPlayer: The Shieldbearer — A weary defender holding the western wall.\nInventory: oil lamp, patched shield\nWorld constraint: {"atmosphere": "Dawn\'threshold, where resolve meets weariness.", "sensory_details": "The cool morning air carries a hint of damp earth and the distant sound of roosters crowing; patched leather shield feels sturdy under The Shieldbearer’thy calloused hands."}\nRecent events: As dawn breaks, Rhea approaches The Shieldbearer with a sense of urgency, her eyes darting nervously around the wall. Her voice barely above a whisper, she shares a chilling tale of a mysterious figure lurking near Lornhaven\'s walls. The cool morning air carries a hint of damp earth and the distant sound of roosters crowing.; As dawn\'s light fades, a chill creeps over Lornhaven\'s wall, casting long shadows that dance upon the worn stones. The patched leather shield feels heavier under The Shieldbearer\'s calloused hands, and the distant roosters\' crows seem more urgent.; The Shieldbearer peers into the distance, squinting against the morning light. The chill in the air seems to intensify as they listen to Rhea\'s tale of a mysterious figure lurking near Lornhaven\'s walls.\nRecent motifs: explore, explore, risk\nRecent major events: yes, yes, yes\nRelationship summary: Rhea trusts the player; Boris weighs every trade.\nCharacter summary: Rhea is loyal but impulsive; Boris is cautious and calculating.\nMetrics: {"risk_applied_total": 1, "major_flag_set": true, "major_events_triggered": 2, "major_event_last_turn": 14}', 'scene_short': "The Shieldbearer, standing tall and vigilant on the western wall, feels a sudden chill as dawn breaks. The cool morning air carries a hint of damp earth and the distant sound of roosters crowing. Rhea, a loyal member of Lornhaven's defense force, approaches with a sense of urgency. Her eyes dart nervously around the wall, and her voice barely above a whisper, she shares a chilling tale of a mysterious figure lurking near Lornhaven's walls.", 'player_choice': 'Investigate the mysterious figure reported by Rhea.', 'atmosphere': "Dawn'threshold, where resolve meets weariness.", 'sensory_details': 'The cool morning air carries a hint of damp earth and the distant sound of roosters crowing; patched leather shield feels sturdy under The Shieldbearer’thy calloused hands.', 'char_brief': 'Rhea is loyal but impulsive; Boris is cautious and calculating.', 'relationship_summary_from_state': 'Rhea trusts the player; Boris weighs every trade.', 'player_inventory_brief': 'oil lamp, patched shield'}
2025-10-18 01:34:38,999 [ERROR] fortress_director.agents.character_agent: Exception in CharacterAgent.react: Missing prompt variable: '"weather_type"'
Traceback (most recent call last):
  File "C:\Users\Fahri\OneDrive\Masaüstü\oyun\fortress_director\agents\base_agent.py", line 44, in render
    return self.load().format(**kwargs)
           ^^^^^^^^^^^^^^^^^^^^^^^^^^^^
KeyError: '"weather_type"'

The above exception was the direct cause of the following exception:

Traceback (most recent call last):
  File "C:\Users\Fahri\OneDrive\Masaüstü\oyun\fortress_director\agents\character_agent.py", line 38, in react
    result = self.run(variables=variables)
             ^^^^^^^^^^^^^^^^^^^^^^^^^^^^^
  File "C:\Users\Fahri\OneDrive\Masaüstü\oyun\fortress_director\agents\base_agent.py", line 73, in run
    prompt = self._template.render(**variables)
             ^^^^^^^^^^^^^^^^^^^^^^^^^^^^^^^^^^
  File "C:\Users\Fahri\OneDrive\Masaüstü\oyun\fortress_director\agents\base_agent.py", line 46, in render
    raise AgentError(f"Missing prompt variable: {exc}") from exc
fortress_director.agents.base_agent.AgentError: Missing prompt variable: '"weather_type"'
2025-10-18 01:34:39,000 [ERROR] fortress_director.orchestrator.orchestrator: Exception during turn: Missing prompt variable: '"weather_type"'
Traceback (most recent call last):
  File "C:\Users\Fahri\OneDrive\Masaüstü\oyun\fortress_director\agents\base_agent.py", line 44, in render
    return self.load().format(**kwargs)
           ^^^^^^^^^^^^^^^^^^^^^^^^^^^^
KeyError: '"weather_type"'

The above exception was the direct cause of the following exception:

Traceback (most recent call last):
  File "C:\Users\Fahri\OneDrive\Masaüstü\oyun\fortress_director\orchestrator\orchestrator.py", line 292, in run_turn
    character_output = self.character_agent.react(character_request)
                       ^^^^^^^^^^^^^^^^^^^^^^^^^^^^^^^^^^^^^^^^^^^^^
  File "C:\Users\Fahri\OneDrive\Masaüstü\oyun\fortress_director\agents\character_agent.py", line 38, in react
    result = self.run(variables=variables)
             ^^^^^^^^^^^^^^^^^^^^^^^^^^^^^
  File "C:\Users\Fahri\OneDrive\Masaüstü\oyun\fortress_director\agents\base_agent.py", line 73, in run
    prompt = self._template.render(**variables)
             ^^^^^^^^^^^^^^^^^^^^^^^^^^^^^^^^^^
  File "C:\Users\Fahri\OneDrive\Masaüstü\oyun\fortress_director\agents\base_agent.py", line 46, in render
    raise AgentError(f"Missing prompt variable: {exc}") from exc
fortress_director.agents.base_agent.AgentError: Missing prompt variable: '"weather_type"'
2025-10-18 01:34:39,001 [INFO] fortress_director.codeaware.rollback_system: Rollback requested (reason=Turn execution failed: AgentError)
2025-10-18 01:34:39,002 [DEBUG] fortress_director.orchestrator.orchestrator: State persisted to C:\Users\Fahri\OneDrive\Masaüstü\oyun\fortress_director\data\world_state.json (turn=15)
2025-10-18 01:34:39,002 [INFO] fortress_director.codeaware.rollback_system: Rollback applied (turn=15, reason=Turn execution failed: AgentError)
2025-10-18 01:34:39,002 [INFO] fortress_director.orchestrator.orchestrator: Rollback performed after exception.
