2025-10-18 01:17:31,319 [DEBUG] root: Logging configured (console level=INFO, file=C:\Users\Fahri\OneDrive\Masaüstü\oyun\fortress_director\logs\turn_20251017_221731.log)
2025-10-18 01:17:31,319 [INFO] __main__: Detailed logs written to C:\Users\Fahri\OneDrive\Masaüstü\oyun\fortress_director\logs\turn_20251017_221731.log
2025-10-18 01:17:31,319 [INFO] fortress_director.codeaware.function_registry: Registering safe function: change_weather
2025-10-18 01:17:31,319 [INFO] fortress_director.codeaware.function_registry: Safe function 'change_weather' registered successfully.
2025-10-18 01:17:31,320 [INFO] fortress_director.codeaware.function_registry: Registering safe function: spawn_item
2025-10-18 01:17:31,320 [INFO] fortress_director.codeaware.function_registry: Safe function 'spawn_item' registered successfully.
2025-10-18 01:17:31,320 [INFO] fortress_director.codeaware.function_registry: Registering safe function: move_npc
2025-10-18 01:17:31,320 [INFO] fortress_director.codeaware.function_registry: Safe function 'move_npc' registered successfully.
2025-10-18 01:17:31,320 [INFO] fortress_director.orchestrator.orchestrator: run_turn called (player_choice_id=None)
2025-10-18 01:17:31,320 [DEBUG] fortress_director.orchestrator.orchestrator: Resetting function validator and creating checkpoint: {'phase': 'turn_start'}
2025-10-18 01:17:31,320 [DEBUG] fortress_director.orchestrator.orchestrator: State snapshot loaded from C:\Users\Fahri\OneDrive\Masaüstü\oyun\fortress_director\data\world_state.json (turn=14)
2025-10-18 01:17:31,320 [INFO] fortress_director.codeaware.rollback_system: Checkpoint created (turn=14, call=None)
2025-10-18 01:17:31,321 [INFO] fortress_director.orchestrator.orchestrator: Turn execution started.
2025-10-18 01:17:31,321 [DEBUG] fortress_director.orchestrator.orchestrator: State snapshot loaded from C:\Users\Fahri\OneDrive\Masaüstü\oyun\fortress_director\data\world_state.json (turn=14)
2025-10-18 01:17:31,321 [DEBUG] fortress_director.orchestrator.orchestrator: Pre-turn state snapshot: {"character_summary": "Rhea is loyal but impulsive; Boris is cautious and calculating.", "current_room": "lornhaven_wall", "day": 1, "flags": ["Rhea_investigation", "mystery_figure", "major_mystery_investigation"], "items": {"Rhea": ["oil lamp"], "string": ["string"]}, "metrics": {"major_event_last_turn": 10, "major_events_triggered": 1, "major_flag_set": true, "risk_applied_total": 0}, "npc_trust": {"Rhea": 3}, "player": {"inventory": ["oil lamp", "patched shield"], "name": "The Shieldbearer", "stats": {"empathy": 2, "resolve": 3}, "summary": "A weary defender holding the western wall."}, ...
2025-10-18 01:17:31,321 [INFO] fortress_director.orchestrator.orchestrator: World context built.
2025-10-18 01:17:31,321 [DEBUG] fortress_director.orchestrator.orchestrator: World context payload: Turn 14 | Day 1 | Time dawn
Location: lornhaven_wall
Player: The Shieldbearer — A weary defender holding the western wall.
Inventory: oil lamp, patched shield
World constraint: {"atmosphere": "Dawn'threshold, where resolve meets weariness.", "sensory_details": "The cool morning air carries a hint of damp earth and the distant sound of roosters crowing; patched leather shield feels sturdy under The Shieldbearer’thy calloused hands."}
Recent events: As the sun's first rays pierce the misty veil of Lornhaven, Rhea approaches the Shieldbearer with a sense of urgency. Her eyes dart nervously around the wall, her voice barely above a whisper.; As dawn breaks, Rhea approaches The Shieldbearer with a sense of urgency, her eyes darting nervously around the wall. Her voice barely above a whisper, she shares a chilling tale of a mysterious figure lurking near Lornhaven's walls. The cool morning air carries a hint of damp earth and the distant sound of roosters crowing.; As dawn's light fades, a chill creeps over Lornhaven's wall, casting long shadows that dance upon the worn stones. The patched leather shield feels heavier under The Shieldbearer's calloused hands, and the distant roosters' crows seem more urgent.
Recent motifs: talk, explore, explore
Recent major events: yes, yes, yes
Relationship summary: Rhea trusts the player; Boris weighs every trade.
Character summary: Rhea is loyal but impulsive; Boris is cautious and calculating.
Metrics: {"risk_applied_total": 0, "major_flag_set": true, "major_events_triggered": 1, "major_event_last_turn": 10}
2025-10-18 01:17:31,321 [INFO] fortress_director.orchestrator.orchestrator: Starting turn 14 in room lornhaven_wall
2025-10-18 01:17:31,321 [DEBUG] fortress_director.orchestrator.orchestrator: World agent input: {"WORLD_CONTEXT": "Turn 14 | Day 1 | Time dawn\nLocation: lornhaven_wall\nPlayer: The Shieldbearer — A weary defender holding the western wall.\nInventory: oil lamp, patched shield\nWorld constraint: {\"atmosphere\": \"Dawn'threshold, where resolve meets weariness.\", \"sensory_details\": \"The cool morning air carries a hint of damp earth and the distant sound of roosters crowing; patched leather shield feels sturdy under The Shieldbearer’thy calloused hands.\"}\nRecent events: As the sun's first rays pierce the misty veil of Lornhaven, Rhea approaches the Shieldbearer with a sense of urge...
2025-10-18 01:17:31,321 [INFO] fortress_director.orchestrator.orchestrator: Calling world_agent.describe...
2025-10-18 01:17:31,321 [INFO] fortress_director.agents.world_agent: WorldAgent.describe called with variables: {'WORLD_CONTEXT': 'Turn 14 | Day 1 | Time dawn\nLocation: lornhaven_wall\nPlayer: The Shieldbearer — A weary defender holding the western wall.\nInventory: oil lamp, patched shield\nWorld constraint: {"atmosphere": "Dawn\'threshold, where resolve meets weariness.", "sensory_details": "The cool morning air carries a hint of damp earth and the distant sound of roosters crowing; patched leather shield feels sturdy under The Shieldbearer’thy calloused hands."}\nRecent events: As the sun\'s first rays pierce the misty veil of Lornhaven, Rhea approaches the Shieldbearer with a sense of urgency. Her eyes dart nervously around the wall, her voice barely above a whisper.; As dawn breaks, Rhea approaches The Shieldbearer with a sense of urgency, her eyes darting nervously around the wall. Her voice barely above a whisper, she shares a chilling tale of a mysterious figure lurking near Lornhaven\'s walls. The cool morning air carries a hint of damp earth and the distant sound of roosters crowing.; As dawn\'s light fades, a chill creeps over Lornhaven\'s wall, casting long shadows that dance upon the worn stones. The patched leather shield feels heavier under The Shieldbearer\'s calloused hands, and the distant roosters\' crows seem more urgent.\nRecent motifs: talk, explore, explore\nRecent major events: yes, yes, yes\nRelationship summary: Rhea trusts the player; Boris weighs every trade.\nCharacter summary: Rhea is loyal but impulsive; Boris is cautious and calculating.\nMetrics: {"risk_applied_total": 0, "major_flag_set": true, "major_events_triggered": 1, "major_event_last_turn": 10}', 'room': 'lornhaven_wall'}
2025-10-18 01:17:38,752 [DEBUG] fortress_director.agents.world_agent: Model returned: {'atmosphere': "Dawn'threshold, where resolve meets weariness.", 'sensory_details': 'The cool morning air carries a hint of damp earth and the distant sound of roosters crowing; patched leather shield feels sturdy under The Shieldbearer’thy calloused hands.'}
2025-10-18 01:17:38,752 [INFO] fortress_director.agents.world_agent: World description: {'atmosphere': "Dawn'threshold, where resolve meets weariness.", 'sensory_details': 'The cool morning air carries a hint of damp earth and the distant sound of roosters crowing; patched leather shield feels sturdy under The Shieldbearer’thy calloused hands.'}
2025-10-18 01:17:38,752 [INFO] fortress_director.orchestrator.orchestrator: World agent returned output.
2025-10-18 01:17:38,752 [DEBUG] fortress_director.orchestrator.orchestrator: World agent output: {"atmosphere": "Dawn'threshold, where resolve meets weariness.", "sensory_details": "The cool morning air carries a hint of damp earth and the distant sound of roosters crowing; patched leather shield feels sturdy under The Shieldbearer’thy calloused hands."}
2025-10-18 01:17:38,752 [DEBUG] fortress_director.orchestrator.orchestrator: Event agent input: {"WORLD_CONTEXT": "Turn 14 | Day 1 | Time dawn\nLocation: lornhaven_wall\nPlayer: The Shieldbearer — A weary defender holding the western wall.\nInventory: oil lamp, patched shield\nWorld constraint: {\"atmosphere\": \"Dawn'threshold, where resolve meets weariness.\", \"sensory_details\": \"The cool morning air carries a hint of damp earth and the distant sound of roosters crowing; patched leather shield feels sturdy under The Shieldbearer’thy calloused hands.\"}\nRecent events: As the sun's first rays pierce the misty veil of Lornhaven, Rhea approaches the Shieldbearer with a sense of urge...
2025-10-18 01:17:38,752 [INFO] fortress_director.orchestrator.orchestrator: Calling event_agent.generate...
2025-10-18 01:17:38,752 [INFO] fortress_director.agents.event_agent: EventAgent.generate called with variables: {'WORLD_CONTEXT': 'Turn 14 | Day 1 | Time dawn\nLocation: lornhaven_wall\nPlayer: The Shieldbearer — A weary defender holding the western wall.\nInventory: oil lamp, patched shield\nWorld constraint: {"atmosphere": "Dawn\'threshold, where resolve meets weariness.", "sensory_details": "The cool morning air carries a hint of damp earth and the distant sound of roosters crowing; patched leather shield feels sturdy under The Shieldbearer’thy calloused hands."}\nRecent events: As the sun\'s first rays pierce the misty veil of Lornhaven, Rhea approaches the Shieldbearer with a sense of urgency. Her eyes dart nervously around the wall, her voice barely above a whisper.; As dawn breaks, Rhea approaches The Shieldbearer with a sense of urgency, her eyes darting nervously around the wall. Her voice barely above a whisper, she shares a chilling tale of a mysterious figure lurking near Lornhaven\'s walls. The cool morning air carries a hint of damp earth and the distant sound of roosters crowing.; As dawn\'s light fades, a chill creeps over Lornhaven\'s wall, casting long shadows that dance upon the worn stones. The patched leather shield feels heavier under The Shieldbearer\'s calloused hands, and the distant roosters\' crows seem more urgent.\nRecent motifs: talk, explore, explore\nRecent major events: yes, yes, yes\nRelationship summary: Rhea trusts the player; Boris weighs every trade.\nCharacter summary: Rhea is loyal but impulsive; Boris is cautious and calculating.\nMetrics: {"risk_applied_total": 0, "major_flag_set": true, "major_events_triggered": 1, "major_event_last_turn": 10}', 'day': 1, 'time': 'dawn', 'room': 'lornhaven_wall', 'recent_events': "As the sun's first rays pierce the misty veil of Lornhaven, Rhea approaches the Shieldbearer with a sense of urgency. Her eyes dart nervously around the wall, her voice barely above a whisper.; As dawn breaks, Rhea approaches The Shieldbearer with a sense of urgency, her eyes darting nervously around the wall. Her voice barely above a whisper, she shares a chilling tale of a mysterious figure lurking near Lornhaven's walls. The cool morning air carries a hint of damp earth and the distant sound of roosters crowing.; As dawn's light fades, a chill creeps over Lornhaven's wall, casting long shadows that dance upon the worn stones. The patched leather shield feels heavier under The Shieldbearer's calloused hands, and the distant roosters' crows seem more urgent.", 'world_constraint_from_prev_turn': '{"atmosphere": "Dawn\'threshold, where resolve meets weariness.", "sensory_details": "The cool morning air carries a hint of damp earth and the distant sound of roosters crowing; patched leather shield feels sturdy under The Shieldbearer\\u2019thy calloused hands."}', 'recent_motifs': 'talk, talk, talk, explore, explore', 'lore_continuity_weight': 1}
2025-10-18 01:17:38,757 [ERROR] fortress_director.agents.event_agent: Exception in EventAgent.generate: Missing prompt variable: '"safe_functions"'
Traceback (most recent call last):
  File "C:\Users\Fahri\OneDrive\Masaüstü\oyun\fortress_director\agents\base_agent.py", line 44, in render
    return self.load().format(**kwargs)
           ^^^^^^^^^^^^^^^^^^^^^^^^^^^^
KeyError: '"safe_functions"'

The above exception was the direct cause of the following exception:

Traceback (most recent call last):
  File "C:\Users\Fahri\OneDrive\Masaüstü\oyun\fortress_director\agents\event_agent.py", line 34, in generate
    output = self.run(variables=variables)
             ^^^^^^^^^^^^^^^^^^^^^^^^^^^^^
  File "C:\Users\Fahri\OneDrive\Masaüstü\oyun\fortress_director\agents\base_agent.py", line 73, in run
    prompt = self._template.render(**variables)
             ^^^^^^^^^^^^^^^^^^^^^^^^^^^^^^^^^^
  File "C:\Users\Fahri\OneDrive\Masaüstü\oyun\fortress_director\agents\base_agent.py", line 46, in render
    raise AgentError(f"Missing prompt variable: {exc}") from exc
fortress_director.agents.base_agent.AgentError: Missing prompt variable: '"safe_functions"'
2025-10-18 01:17:38,758 [ERROR] fortress_director.orchestrator.orchestrator: Exception during turn: Missing prompt variable: '"safe_functions"'
Traceback (most recent call last):
  File "C:\Users\Fahri\OneDrive\Masaüstü\oyun\fortress_director\agents\base_agent.py", line 44, in render
    return self.load().format(**kwargs)
           ^^^^^^^^^^^^^^^^^^^^^^^^^^^^
KeyError: '"safe_functions"'

The above exception was the direct cause of the following exception:

Traceback (most recent call last):
  File "C:\Users\Fahri\OneDrive\Masaüstü\oyun\fortress_director\orchestrator\orchestrator.py", line 255, in run_turn
    event_output = self.event_agent.generate(event_request)
                   ^^^^^^^^^^^^^^^^^^^^^^^^^^^^^^^^^^^^^^^^
  File "C:\Users\Fahri\OneDrive\Masaüstü\oyun\fortress_director\agents\event_agent.py", line 34, in generate
    output = self.run(variables=variables)
             ^^^^^^^^^^^^^^^^^^^^^^^^^^^^^
  File "C:\Users\Fahri\OneDrive\Masaüstü\oyun\fortress_director\agents\base_agent.py", line 73, in run
    prompt = self._template.render(**variables)
             ^^^^^^^^^^^^^^^^^^^^^^^^^^^^^^^^^^
  File "C:\Users\Fahri\OneDrive\Masaüstü\oyun\fortress_director\agents\base_agent.py", line 46, in render
    raise AgentError(f"Missing prompt variable: {exc}") from exc
fortress_director.agents.base_agent.AgentError: Missing prompt variable: '"safe_functions"'
2025-10-18 01:17:38,760 [INFO] fortress_director.codeaware.rollback_system: Rollback requested (reason=Turn execution failed: AgentError)
2025-10-18 01:17:38,760 [DEBUG] fortress_director.orchestrator.orchestrator: State persisted to C:\Users\Fahri\OneDrive\Masaüstü\oyun\fortress_director\data\world_state.json (turn=14)
2025-10-18 01:17:38,760 [INFO] fortress_director.codeaware.rollback_system: Rollback applied (turn=14, reason=Turn execution failed: AgentError)
2025-10-18 01:17:38,760 [INFO] fortress_director.orchestrator.orchestrator: Rollback performed after exception.
